// Jest Snapshot v1, https://goo.gl/fbAQLP

exports[`Single result test renders witthout crash 1`] = `
<RNGestureHandlerButton
  collapsable={false}
  onGestureEvent={[Function]}
  onGestureHandlerEvent={[Function]}
  onGestureHandlerStateChange={[Function]}
  onHandlerStateChange={[Function]}
  rippleColor={0}
>
  <View
    accessible={true}
    style={Object {}}
  >
    <View
      style={
        Array [
          Object {
            "backgroundColor": "#fff",
          },
          Object {
            "display": "flex",
            "flexDirection": "column",
            "justifyContent": "center",
          },
        ]
      }
    >
      <Image
        source={
          Object {
            "uri": "image",
          }
        }
        style={
          Object {
            "height": 115,
            "width": 156,
          }
        }
      />
      <Text
        numberOfLines={1}
        style={
          Array [
            Object {
              "color": "#000",
            },
            Object {
              "fontFamily": "System",
            },
            Object {
              "textAlign": "center",
              "width": 115,
            },
          ]
        }
      >
        name
      </Text>
    </View>
  </View>
</RNGestureHandlerButton>
`;
