// Jest Snapshot v1, https://goo.gl/fbAQLP

exports[`SelectedWrapper test renders without crash 1`] = `
Array [
  <View
    style={
      Array [
        Object {
          "backgroundColor": "#fff",
        },
        Object {
          "alignItems": "center",
          "display": "flex",
          "flexDirection": "row",
          "height": 25,
          "justifyContent": "space-between",
          "marginVertical": 10,
          "paddingHorizontal": 30,
        },
      ]
    }
  >
    <Text
      style={
        Array [
          Object {
            "color": "#000",
          },
          Object {
            "fontFamily": "System",
          },
          undefined,
        ]
      }
    >
      name1
    </Text>
    <View
      accessible={true}
      focusable={true}
      onClick={[Function]}
      onResponderGrant={[Function]}
      onResponderMove={[Function]}
      onResponderRelease={[Function]}
      onResponderTerminate={[Function]}
      onResponderTerminationRequest={[Function]}
      onStartShouldSetResponder={[Function]}
      style={
        Object {
          "display": "flex",
          "flexDirection": "row",
          "height": 20,
          "justifyContent": "center",
          "opacity": 1,
          "width": 30,
        }
      }
    >
      <Text
        style={
          Array [
            Object {
              "color": "#000",
            },
            Object {
              "fontFamily": "System",
            },
            undefined,
          ]
        }
      >
        x
      </Text>
    </View>
  </View>,
  <View
    style={
      Array [
        Object {
          "backgroundColor": "#fff",
        },
        Object {
          "alignItems": "center",
          "display": "flex",
          "flexDirection": "row",
          "height": 25,
          "justifyContent": "space-between",
          "marginVertical": 10,
          "paddingHorizontal": 30,
        },
      ]
    }
  >
    <Text
      style={
        Array [
          Object {
            "color": "#000",
          },
          Object {
            "fontFamily": "System",
          },
          undefined,
        ]
      }
    >
      name2
    </Text>
    <View
      accessible={true}
      focusable={true}
      onClick={[Function]}
      onResponderGrant={[Function]}
      onResponderMove={[Function]}
      onResponderRelease={[Function]}
      onResponderTerminate={[Function]}
      onResponderTerminationRequest={[Function]}
      onStartShouldSetResponder={[Function]}
      style={
        Object {
          "display": "flex",
          "flexDirection": "row",
          "height": 20,
          "justifyContent": "center",
          "opacity": 1,
          "width": 30,
        }
      }
    >
      <Text
        style={
          Array [
            Object {
              "color": "#000",
            },
            Object {
              "fontFamily": "System",
            },
            undefined,
          ]
        }
      >
        x
      </Text>
    </View>
  </View>,
  <View
    accessible={true}
    focusable={false}
    onClick={[Function]}
    onResponderGrant={[Function]}
    onResponderMove={[Function]}
    onResponderRelease={[Function]}
    onResponderTerminate={[Function]}
    onResponderTerminationRequest={[Function]}
    onStartShouldSetResponder={[Function]}
    style={
      Object {
        "alignItems": "center",
        "alignSelf": "center",
        "backgroundColor": "#00701a",
        "borderRadius": 5,
        "color": "#fff",
        "display": "flex",
        "height": 40,
        "justifyContent": "center",
        "marginVertical": 15,
        "opacity": 1,
        "width": 90,
      }
    }
  >
    <Text
      style={
        Array [
          Object {
            "color": "#000",
          },
          Object {
            "fontFamily": "System",
          },
          undefined,
        ]
      }
    >
      Search
    </Text>
  </View>,
]
`;
